To honour the JVM settings for this build a single-use Daemon process will be forked. For more on this, please refer to https://docs.gradle.org/9.5.0/userguide/gradle_daemon.html#sec:disabling_the_daemon in the Gradle documentation.
Daemon will be stopped at the end of the build 
> Task :compileJava NO-SOURCE
> Task :compileGroovy UP-TO-DATE
> Task :processResources NO-SOURCE
> Task :classes UP-TO-DATE
> Task :compileTestJava NO-SOURCE
> Task :compileTestGroovy
> Task :processTestResources UP-TO-DATE
> Task :testClasses
> Task :test

ToolManageVirtualDeviceSpec > create fails when Hub Admin Write is disabled STARTED

ToolManageVirtualDeviceSpec > create fails when Hub Admin Write is disabled PASSED

ToolManageVirtualDeviceSpec > create rejects when both deviceType and customDriver are provided STARTED

ToolManageVirtualDeviceSpec > create rejects when both deviceType and customDriver are provided PASSED

ToolManageVirtualDeviceSpec > create rejects when neither deviceType nor customDriver is provided STARTED

ToolManageVirtualDeviceSpec > create rejects when neither deviceType nor customDriver is provided PASSED

ToolManageVirtualDeviceSpec > dispatch rejects create with missing deviceLabel STARTED

ToolManageVirtualDeviceSpec > dispatch rejects create with missing deviceLabel PASSED

ToolManageVirtualDeviceSpec > create with customDriver not a Map throws STARTED

ToolManageVirtualDeviceSpec > create with customDriver not a Map throws PASSED

ToolManageVirtualDeviceSpec > create with customDriver missing namespace throws STARTED

ToolManageVirtualDeviceSpec > create with customDriver missing namespace throws PASSED

ToolManageVirtualDeviceSpec > create with customDriver missing name throws STARTED

ToolManageVirtualDeviceSpec > create with customDriver missing name throws PASSED

ToolManageVirtualDeviceSpec > create with customDriver delegates to addChildDevice with correct namespace and name STARTED

ToolManageVirtualDeviceSpec > create with customDriver delegates to addChildDevice with correct namespace and name PASSED

ToolManageVirtualDeviceSpec > create with customDriver: UnknownDeviceTypeException translates to list_hub_drivers hint STARTED

ToolManageVirtualDeviceSpec > create with customDriver: UnknownDeviceTypeException translates to list_hub_drivers hint PASSED

ToolManageVirtualDeviceSpec > create with customDriver: not-found error (message 'not found') also translates STARTED

ToolManageVirtualDeviceSpec > create with customDriver: not-found error (message 'not found') also translates PASSED

ToolManageVirtualDeviceSpec > create with built-in deviceType still works after dual-path refactor STARTED

ToolManageVirtualDeviceSpec > create with built-in deviceType still works after dual-path refactor PASSED

ToolManageVirtualDeviceSpec > create with unsupported built-in deviceType throws descriptive error STARTED

ToolManageVirtualDeviceSpec > create with unsupported built-in deviceType throws descriptive error PASSED

BUILD SUCCESSFUL in 1m 27s
4 actionable tasks: 2 executed, 2 up-to-date
Consider enabling configuration cache to speed up this build: https://docs.gradle.org/9.5.0/userguide/configuration_cache_enabling.html
